// Jest Snapshot v1, https://jestjs.io/docs/snapshot-testing

exports[`ChatContainer should match snapshot 1`] = `<cds-aichat-react />`;
